=== 99 块屏显识别扫描 (ENABLE=True, PANEL_DARK_FRAC=0.45) ===
  [LCD形态] did=106 b3 text='38' dark=0.21 -> skip
  [LCD形态] did=106 b3 text='4.9' dark=0.13 -> skip
  [LCD形态] did=106 b3 text='13.5' dark=0.16 -> skip
  [LCD形态] did=106 b3 text='13.1' dark=0.13 -> skip
  [LCD形态] did=106 b3 text='13.5' dark=0.17 -> skip
  [LCD形态] did=107 b1 text='35' dark=0.15 -> skip
  [LCD形态] did=107 b1 text='200512' dark=0.32 -> skip
  [LCD形态] did=107 b1 text='B280001' dark=0.29 -> skip
  [LCD形态] did=107 b1 text='36' dark=0.10 -> skip
  [LCD形态] did=107 b1 text='3.5' dark=0.14 -> skip
  [LCD形态] did=107 b3 text='35' dark=0.12 -> skip
  [LCD形态] did=107 b3 text='200512' dark=0.31 -> skip
  [LCD形态] did=107 b3 text='B280001' dark=0.30 -> skip
  [LCD形态] did=107 b4 text='60' dark=0.13 -> skip
  [LCD形态] did=108 b0 text='22' dark=0.13 -> skip
  [LCD形态] did=108 b1 text='20' dark=0.11 -> skip
  [LCD形态] did=108 b1 text='1250001' dark=0.29 -> skip
  [LCD形态] did=108 b1 text='200512' dark=0.35 -> skip
  [LCD形态] did=108 b1 text='B280001' dark=0.29 -> skip
  [LCD形态] did=108 b1 text='13.5' dark=0.11 -> skip
  [LCD形态] did=108 b4 text='1250001' dark=0.36 -> skip
  [LCD形态] did=108 b4 text='200512' dark=0.35 -> skip
  [LCD形态] did=108 b4 text='B280001' dark=0.32 -> skip
  [LCD形态] did=109 b0 text='50' dark=0.12 -> skip
  [LCD形态] did=109 b1 text='20' dark=0.12 -> skip
  [LCD形态] did=109 b1 text='200512' dark=0.34 -> skip
  [LCD形态] did=109 b1 text='B280001' dark=0.29 -> skip
  [LCD形态] did=110 b0 text='50' dark=0.12 -> skip
  [LCD形态] did=110 b4 text='16' dark=0.09 -> skip
  [LCD形态] did=110 b4 text='200512' dark=0.39 -> skip
  [LCD形态] did=111 b0 text='20' dark=0.09 -> skip
  [LCD形态] did=111 b0 text='50.5' dark=0.12 -> skip
  [LCD形态] did=111 b1 text='86' dark=0.14 -> skip
  [LCD形态] did=111 b1 text='62' dark=0.15 -> skip
  [LCD形态] did=111 b2 text='37.8' dark=0.13 -> skip
  [LCD形态] did=111 b2 text='25.3' dark=0.12 -> skip
  [LCD形态] did=111 b4 text='16' dark=0.11 -> skip
  [LCD形态] did=111 b4 text='200512' dark=0.40 -> skip
  [LCD形态] did=112 b0 text='16' dark=0.12 -> skip
  [LCD形态] did=112 b0 text='200512' dark=0.30 -> skip
  [LCD形态] did=112 b0 text='B280001' dark=0.36 -> skip
  [LCD形态] did=112 b1 text='88' dark=0.41 -> OK
  [LCD形态] did=112 b1 text='8.888' dark=0.55 -> OK
  [LCD形态] did=112 b4 text='42.9' dark=0.09 -> skip
  [LCD形态] did=113 b1 text='20' dark=0.12 -> skip
  [LCD形态] did=113 b1 text='T178353' dark=0.29 -> skip
  [LCD形态] did=113 b1 text='200512' dark=0.35 -> skip
  [LCD形态] did=113 b1 text='B280001' dark=0.30 -> skip
  [LCD形态] did=113 b1 text='36' dark=0.12 -> skip
  [LCD形态] did=113 b1 text='13.5' dark=0.12 -> skip
  [LCD形态] did=113 b1 text='3.5' dark=0.15 -> skip
  [LCD形态] did=113 b3 text='50' dark=0.12 -> skip
  [LCD形态] did=113 b4 text='20' dark=0.13 -> skip
  [LCD形态] did=113 b4 text='1178353' dark=0.32 -> skip
  [LCD形态] did=113 b4 text='200512' dark=0.36 -> skip
  [LCD形态] did=113 b4 text='B280001' dark=0.32 -> skip
  [LCD形态] did=114 b2 text='20' dark=0.14 -> skip
  [LCD形态] did=114 b2 text='200512' dark=0.36 -> skip
  [LCD形态] did=114 b2 text='B280001' dark=0.33 -> skip
  [LCD形态] did=114 b2 text='13.5/2' dark=0.21 -> skip
  [LCD形态] did=114 b2 text='13.5' dark=0.17 -> skip
  [LCD形态] did=114 b3 text='200512' dark=0.34 -> skip
  [LCD形态] did=114 b3 text='B280001' dark=0.30 -> skip
  [LCD形态] did=114 b4 text='50' dark=0.13 -> skip
  [LCD形态] did=115 b4 text='200512' dark=0.57 -> OK
  [LCD形态] did=115 b4 text='B280001' dark=0.41 -> OK
  [LCD形态] did=116 b4 text='200512' dark=0.51 -> OK
  [LCD形态] did=116 b4 text='B28000' dark=0.37 -> OK
  [LCD形态] did=117 b1 text='80.6' dark=0.21 -> skip
  [LCD形态] did=117 b3 text='15' dark=0.16 -> skip
  [LCD形态] did=117 b3 text='12' dark=0.19 -> skip
  [LCD形态] did=117 b3 text='34' dark=0.19 -> skip
  [LCD形态] did=117 b4 text='20' dark=0.21 -> OK
  [LCD形态] did=117 b4 text='200512' dark=0.45 -> OK
  [LCD形态] did=117 b4 text='00' dark=0.20 -> OK
  [LCD形态] did=117 b5 text='20' dark=0.22 -> skip
  [LCD形态] did=117 b5 text='200512' dark=0.44 -> skip
  [LCD形态] did=118 b0 text='29' dark=0.11 -> skip
  [LCD形态] did=118 b2 text='388' dark=0.21 -> skip
  [LCD形态] did=119 b1 text='38' dark=0.18 -> skip
  [LCD形态] did=119 b1 text='3.5' dark=0.14 -> skip
  [LCD形态] did=119 b2 text='10' dark=0.25 -> skip
  [LCD形态] did=119 b3 text='35' dark=0.12 -> skip
  [LCD形态] did=119 b3 text='100095' dark=0.29 -> skip
  [LCD形态] did=121 b1 text='2.' dark=0.13 -> skip
  [LCD形态] did=122 b0 text='28.' dark=0.28 -> skip
  [LCD形态] did=122 b0 text='6.1' dark=0.12 -> skip
  [LCD形态] did=123 b0 text='52.9' dark=0.08 -> skip
  [LCD形态] did=123 b3 text='88.8' dark=0.38 -> skip
  [LCD形态] did=123 b3 text='88.' dark=0.42 -> skip
  [LCD形态] did=123 b4 text='16' dark=0.12 -> skip
  [LCD形态] did=123 b4 text='200512' dark=0.32 -> skip
  [LCD形态] did=124 b0 text='64' dark=0.18 -> skip
  [LCD形态] did=124 b1 text='35' dark=0.16 -> skip
  [LCD形态] did=124 b1 text='200512' dark=0.42 -> skip
  [LCD形态] did=124 b1 text='12' dark=0.19 -> skip
  [LCD形态] did=124 b2 text='37. 1 ± 0. 5' dark=0.21 -> skip
  [LCD形态] did=124 b4 text='35' dark=0.17 -> skip
  [LCD形态] did=124 b4 text='200512' dark=0.40 -> skip
  [LCD形态] did=124 b5 text='00' dark=0.17 -> skip
  [LCD形态] did=124 b5 text='00' dark=0.17 -> skip
  [LCD形态] did=125 b0 text='30' dark=0.12 -> skip
  [LCD形态] did=125 b0 text='20' dark=0.12 -> skip
  [LCD形态] did=125 b0 text='200512' dark=0.38 -> skip
  [LCD形态] did=125 b3 text='13.5' dark=0.12 -> skip
  [LCD形态] did=125 b3 text='13.5' dark=0.12 -> skip
  [LCD形态] did=125 b3 text='25.4' dark=0.10 -> skip
  [LCD形态] did=125 b4 text='61.5' dark=0.12 -> skip
  [LCD形态] did=125 b4 text='4.5' dark=0.08 -> skip
  [LCD形态] did=126 b0 text='30' dark=0.13 -> skip
  [LCD形态] did=126 b0 text='24.5' dark=0.14 -> skip
  [LCD形态] did=126 b0 text='200512' dark=0.39 -> skip
  [LCD形态] did=126 b3 text='13.5' dark=0.12 -> skip
  [LCD形态] did=126 b4 text='61.5' dark=0.09 -> skip
  [LCD形态] did=126 b4 text='4.5' dark=0.08 -> skip
  [LCD形态] did=132 b1 text='80.6' dark=0.21 -> skip
  [LCD形态] did=132 b3 text='15' dark=0.16 -> skip
  [LCD形态] did=132 b3 text='12' dark=0.19 -> skip
  [LCD形态] did=132 b3 text='34' dark=0.19 -> skip
  [LCD形态] did=132 b4 text='20' dark=0.21 -> OK
  [LCD形态] did=132 b4 text='200512' dark=0.45 -> OK
  [LCD形态] did=132 b4 text='00' dark=0.20 -> OK
  [LCD形态] did=132 b5 text='20' dark=0.22 -> skip
  [LCD形态] did=132 b5 text='200512' dark=0.44 -> skip

[确认屏显] 命中块数=5
  did=112 b1: keys=['8888'] regions=[(325, 212, 63, 28)]
  did=115 b4: keys=['200512'] regions=[(165, 115, 31, 9)]
  did=116 b4: keys=['200512'] regions=[(163, 116, 31, 9)]
  did=117 b4: keys=['200512'] regions=[(272, 159, 35, 11)]
  did=132 b4: keys=['200512'] regions=[(272, 159, 35, 11)]

=== did112-b1 定向验证 ===
  RawText含8888? True
  块图OCR含8.888/88? True
  确认屏显键=['8888'] => 8888 会被灰化? True

DONE
