✅ P1b 报告: E:\workaaa\shengchanguanli\data\seg\_baseline_real_match.json
汇总: R=61 Y=41 G=243 Gray=861 块数=114

有差异(red/yellow)的块:
  did=106 blk=0 [selfblock] R=2 Y=0 red=['zac', 'i i'] yellow=[]
  did=106 blk=1 [selfblock] R=0 Y=1 red=[] yellow=['(D']
  did=106 blk=3 [selfblock] R=2 Y=1 red=['HIU&C-O', 'QL030PC O'] yellow=['伊西青票海信日立空源系姚有限公司']
  did=106 blk=4 [selfblock] R=1 Y=0 red=['f 1'] yellow=[]
  did=107 blk=0 [selfblock] R=0 Y=1 red=[] yellow=['Hisense']
  did=107 blk=1 [selfblock] R=0 Y=3 red=[] yellow=['人警告：', 'OW VOLTAGE', '地暖商']
  did=108 blk=1 [selfblock] R=2 Y=1 red=['禁止塑电', 'AB'] yellow=['禁止双电']
  did=109 blk=1 [selfblock] R=1 Y=1 red=['AB'] yellow=['AIB']
  did=110 blk=1 [selfblock] R=2 Y=3 red=['后开到力节能铺囍森林风', '模式'] yellow=['Hisense', '后开强力节能痛落亲养风', '风向']
  did=110 blk=3 [selfblock] R=1 Y=1 red=['A B'] yellow=['AB']
  did=111 blk=1 [selfblock] R=2 Y=2 red=['后开到力节能铺囍森林风', '模式'] yellow=['后开强力节能养森养风', '风向']
  did=111 blk=3 [selfblock] R=1 Y=1 red=['A B'] yellow=['AB']
  did=113 blk=0 [selfblock] R=0 Y=1 red=[] yellow=['20+88']
  did=113 blk=1 [selfblock] R=2 Y=2 red=['LON VOLT&EE', '禁止强电'] yellow=['.OW VOLTAGE', '案止强电']
  did=113 blk=2 [selfblock] R=0 Y=1 red=[] yellow=['(TD']
  did=113 blk=3 [selfblock] R=1 Y=0 red=[] yellow=[]
  did=114 blk=2 [selfblock] R=2 Y=1 red=['++', '+++'] yellow=['A警告：']
  did=115 blk=3 [selfblock] R=0 Y=1 red=[] yellow=['地暖阀']
  did=116 blk=2 [selfblock] R=0 Y=1 red=[] yellow=['50+98']
  did=118 blk=0 [selfblock] R=3 Y=0 red=['>HAPQ-K', 'ABS', '2024337003CK.'] yellow=[]
  did=118 blk=2 [selfblock] R=1 Y=0 red=['实际'] yellow=[]
  did=119 blk=0 [selfblock] R=2 Y=0 red=['rad', '国 1'] yellow=[]
  did=119 blk=1 [selfblock] R=4 Y=0 red=['CMIITID:25J378KN2152', '青岛江森白教书诚有限公司', 'LOW WOLTABE', '禁止强电'] yellow=[]
  did=120 blk=0 [selfblock] R=1 Y=0 red=['USB'] yellow=[]
  did=120 blk=1 [selfblock] R=7 Y=1 red=['IN', 'RS485-1', 'RS485-2', '禁止接入强电', 'RS485-3', 'H-LINK'] yellow=['LAN']
  did=121 blk=0 [selfblock] R=1 Y=0 red=['USB'] yellow=[]
  did=121 blk=1 [selfblock] R=5 Y=3 red=['INGND OUT', 'RS485-1', 'RS485-2', 'RS485-3', 'H-NET'] yellow=['GND', 'IN', 'LAN']
  did=122 blk=0 [selfblock] R=1 Y=0 red=['H-LINK'] yellow=[]
  did=122 blk=1 [selfblock] R=2 Y=0 red=['USB', 'SD'] yellow=[]
  did=123 blk=3 [selfblock] R=6 Y=1 red=['曲滤网', '无人电能', '系小', '开地', '统时'] yellow=['无人范能']
  did=124 blk=1 [selfblock] R=1 Y=1 red=['AB'] yellow=['AB']
  did=125 blk=1 [selfblock] R=0 Y=1 red=[] yellow=['(UHID']
  did=125 blk=3 [selfblock] R=0 Y=1 red=[] yellow=['地暖商']
  did=126 blk=1 [selfblock] R=0 Y=2 red=[] yellow=['(UHID', '(6ID']
  did=126 blk=3 [selfblock] R=0 Y=3 red=[] yellow=['.08 VOLTAGE', '地暖商', '蔡止强电']
  did=115 blk=3 [real_front] R=2 Y=0 red=['LOW VOLTAGE', '禁止强电'] yellow=[]
  did=115 blk=4 [real_front] R=0 Y=1 red=[] yellow=['PC-P1HVQA服务热线400-860-1111']
  did=115 blk=0 [real_bottom] R=2 Y=0 red=['PC-P1HVQA', '服务热线400-860-1111'] yellow=[]
  did=115 blk=3 [real_bottom] R=2 Y=0 red=['LOW VOLTAGE', '禁止强电'] yellow=[]
  did=115 blk=1 [real_diag] R=0 Y=1 red=[] yellow=['PC-PTHVQA']
  did=115 blk=2 [real_diag] R=0 Y=1 red=[] yellow=['PC-PTHVQA']
  did=115 blk=3 [real_diag] R=2 Y=1 red=['LOW VOLTAGE', '禁止强电'] yellow=['PC-PTHVQA']
  did=115 blk=4 [real_diag] R=0 Y=2 red=[] yellow=['PC-PTHVQA', '服务热线400-860-1111']
